---
source: crates/skiagram-core/tests/codex_snapshot.rs
expression: session
---
{
  "id": "rollout-2026-06-14T09-00-00-2a3b4c5d-6e7f-8091-bcde-f01234567890",
  "agent": "codex",
  "project": "/home/dev/blog",
  "model": "gpt-5.5-codex",
  "parent_session": null,
  "started_at": "2026-06-14T09:00:02Z",
  "ended_at": "2026-06-14T09:00:05Z",
  "events": [
    {
      "kind": "User",
      "ts": "2026-06-14T09:00:02Z",
      "request_id": null,
      "model": null,
      "usage": null,
      "sidechain": false,
      "content_summary": "Fix the typo in the README. (synthetic fixture)",
      "content_chars": 47,
      "has_thinking": false
    },
    {
      "kind": "Assistant",
      "ts": "2026-06-14T09:00:04Z",
      "request_id": null,
      "model": null,
      "usage": null,
      "sidechain": false,
      "content_summary": "Fixed the typo. (synthetic)",
      "content_chars": 27,
      "has_thinking": false
    },
    {
      "kind": "Assistant",
      "ts": "2026-06-14T09:00:05Z",
      "request_id": null,
      "model": "gpt-5.5-codex",
      "usage": {
        "input": 600,
        "output": 100,
        "cache_creation": 0,
        "cache_creation_5m": null,
        "cache_creation_1h": null,
        "cache_read": 200,
        "thinking": 0
      },
      "sidechain": false,
      "content_summary": null,
      "content_chars": 0,
      "has_thinking": false
    }
  ],
  "sub_agents": [],
  "skipped_lines": 0
}
